../Core/Inc/actuator_safety.h:8:20:actuators_emergency_off	8	static
../Core/Src/engine_control.c:52:17:critical_enter	16	static,ignoring_inline_asm
../Core/Src/engine_control.c:60:13:critical_exit	16	static,ignoring_inline_asm
../Core/Src/engine_control.c:69:17:saturating_add	16	static
../Core/Src/engine_control.c:74:13:phase_is_required	8	static
../Core/Src/engine_control.c:79:13:injector_test_set_last_result	16	static,ignoring_inline_asm
../Core/Src/engine_control.c:85:38:injector_test_map_result	16	static
../Core/Src/engine_control.c:148:13:trigger_config_is_actuator_compatible	24	static
../Core/Src/engine_control.c:166:13:latch_fault	16	static
../Core/Src/engine_control.c:171:13:update_actuator_diagnostics	8	static
../Core/Src/engine_control.c:188:13:service_injector_test_mode	24	static
../Core/Src/engine_control.c:261:13:load_default_commands	16	static
../Core/Src/engine_control.c:284:13:account_capture_losses	40	static,ignoring_inline_asm
../Core/Src/engine_control.c:320:6:engine_control_init	24	static,ignoring_inline_asm
../Core/Src/engine_control.c:373:6:engine_control_record_trigger_isr	24	static,ignoring_inline_asm
../Core/Src/engine_control.c:409:6:engine_control_capture_overrun_isr	24	static,ignoring_inline_asm
../Core/Src/engine_control.c:431:6:engine_control_deadline_isr	16	static,ignoring_inline_asm
../Core/Src/engine_control.c:440:6:engine_control_emergency_fault_isr	16	static
../Core/Src/engine_control.c:450:6:engine_control_service	120	static,ignoring_inline_asm
../Core/Src/engine_control.c:605:6:engine_control_request_outputs	16	static,ignoring_inline_asm
../Core/Src/engine_control.c:644:31:engine_control_start_injector_test	16	static
../Core/Src/engine_control.c:792:6:engine_control_stop_injector_test	4	static
../Core/Src/engine_control.c:826:6:engine_control_get_injector_test_state	40	static,ignoring_inline_asm
../Core/Src/engine_control.c:850:6:engine_control_clear_faults	24	static,ignoring_inline_asm
../Core/Src/engine_control.c:901:6:engine_control_get_state	32	static
