../Core/Inc/engine_config.h:173:22:engine_cylinder_index	24	static
../Core/Inc/actuator_runtime.h:31:20:actuator_snapshot_valid	24	static
../Core/Inc/actuator_runtime.h:53:21:actuator_wrap_angle	16	static
../Core/Inc/actuator_runtime.h:68:21:actuator_forward_angle	32	static
../Core/Inc/actuator_runtime.h:76:20:actuator_angle_crossed	24	static
../Core/Inc/actuator_runtime.h:92:20:actuator_deadline_reached	16	static
../Core/Inc/actuator_runtime.h:97:20:actuator_deadline_from_us	64	static
../Core/Inc/board_output_config.h:85:20:board_gpio_write	16	static
../Core/Src/injection.c:77:13:fault_set	16	static
../Core/Src/injection.c:82:13:emergency_is_latched	4	static,ignoring_inline_asm
../Core/Src/injection.c:88:13:emergency_latch	16	static
../Core/Src/injection.c:103:17:critical_enter	16	static,ignoring_inline_asm
../Core/Src/injection.c:111:13:critical_exit	16	static,ignoring_inline_asm
../Core/Src/injection.c:120:13:injection_configuration_is_valid	40	static
../Core/Src/injection.c:194:13:pair_gpio_off	24	static
../Core/Src/injection.c:203:13:pair_off_normal	24	static,ignoring_inline_asm
../Core/Src/injection.c:240:13:pair_off_emergency	24	static
../Core/Src/injection.c:254:13:force_all_pairs_off	24	static,ignoring_inline_asm
../Core/Src/injection.c:280:13:any_pair_active	16	static
../Core/Src/injection.c:294:6:injection_init	16	static,ignoring_inline_asm
../Core/Src/injection.c:359:20:injection_set_command	32	static
../Core/Src/injection.c:431:20:injection_load_defaults	32	static
../Core/Src/injection.c:449:6:injection_phase_sync_required	16	static
../Core/Src/injection.c:470:6:injection_service_deadlines	40	static,ignoring_inline_asm
../Core/Src/injection.c:525:33:begin_injection_output	56	static,ignoring_inline_asm
../Core/Src/injection.c:637:13:begin_injection	64	static
../Core/Src/injection.c:658:6:injection_service	64	static
../Core/Src/injection.c:796:6:injection_debug_active	4	static,ignoring_inline_asm
../Core/Src/injection.c:801:6:injection_debug_get_state	24	static
../Core/Src/injection.c:821:26:injection_debug_start	24	static
../Core/Src/injection.c:934:26:injection_debug_service	56	static,ignoring_inline_asm
../Core/Src/injection.c:1013:6:injection_debug_stop	16	static,ignoring_inline_asm
../Core/Src/injection.c:1029:6:injection_debug_abort_isr	8	static,ignoring_inline_asm
../Core/Src/injection.c:1037:6:injection_disable_cylinder	24	static
../Core/Src/injection.c:1062:6:injection_disable_mask	24	static
../Core/Src/injection.c:1076:6:injection_emergency_off	8	static,ignoring_inline_asm
../Core/Src/injection.c:1084:6:injection_rearm_after_emergency	32	static,ignoring_inline_asm
../Core/Src/injection.c:1119:10:injection_faults	4	static
../Core/Src/injection.c:1124:6:injection_clear_faults	16	static
../Core/Src/injection.c:1129:6:injection_update	40	static
../Core/Src/injection.c:1152:6:injection_off	16	static
