../Drivers/CMSIS/Include/core_cm4.h:2059:26:ITM_SendChar	16	static,ignoring_inline_asm
../Core/Inc/engine_runtime.h:24:24:cycle_now	4	static
../Core/Src/main.c:155:13:boot_from_flash_ob_init	64	static
../Core/Src/main.c:183:23:adc_snapshot_read	48	static
../Core/Src/main.c:200:16:tmg_channel_from_pin	16	static
../Core/Src/main.c:222:5:main	120	static,ignoring_inline_asm
../Core/Src/main.c:384:6:SystemClock_Config	88	static
../Core/Src/main.c:431:13:MX_ADC1_Init	56	static
../Core/Src/main.c:559:13:MX_ADC2_Init	40	static
../Core/Src/main.c:618:13:MX_ADC3_Init	56	static
../Core/Src/main.c:686:13:MX_COMP1_Init	8	static
../Core/Src/main.c:715:13:MX_COMP2_Init	8	static
../Core/Src/main.c:744:13:MX_COMP3_Init	8	static
../Core/Src/main.c:773:13:MX_COMP4_Init	8	static
../Core/Src/main.c:802:13:MX_COMP5_Init	8	static
../Core/Src/main.c:831:13:MX_COMP6_Init	8	static
../Core/Src/main.c:860:13:MX_COMP7_Init	8	static
../Core/Src/main.c:889:13:MX_DAC1_Init	56	static
../Core/Src/main.c:940:13:MX_DAC2_Init	56	static
../Core/Src/main.c:984:13:MX_DAC3_Init	56	static
../Core/Src/main.c:1035:13:MX_DAC4_Init	56	static
../Core/Src/main.c:1086:13:MX_FDCAN1_Init	8	static
../Core/Src/main.c:1126:13:MX_TIM1_Init	120	static
../Core/Src/main.c:1223:13:MX_UART4_Init	8	static
../Core/Src/main.c:1268:13:MX_UART5_Init	8	static
../Core/Src/main.c:1311:13:MX_DMA_Init	16	static
../Core/Src/main.c:1333:13:MX_GPIO_Init	56	static
../Core/Src/main.c:1441:5:_write	32	static
../Core/Src/main.c:1458:19:can_send_status	72	static
../Core/Src/main.c:1496:6:HAL_GPIO_EXTI_Callback	24	static
../Core/Src/main.c:1514:6:Error_Handler	4	static,ignoring_inline_asm
