../Drivers/CMSIS/Include/core_cm4.h:2059:26:ITM_SendChar	4
../Core/Src/main.c:133:13:boot_from_flash_ob_init	4
../Core/Src/main.c:161:13:injector_comparator_hysteresis_init	2
../Core/Src/main.c:175:23:adc_snapshot_read	3
../Core/Src/main.c:204:5:main	9
../Core/Src/main.c:374:6:SystemClock_Config	3
../Core/Src/main.c:421:13:MX_ADC1_Init	11
../Core/Src/main.c:549:13:MX_ADC2_Init	3
../Core/Src/main.c:609:13:MX_ADC3_Init	4
../Core/Src/main.c:677:13:MX_COMP1_Init	2
../Core/Src/main.c:706:13:MX_COMP2_Init	2
../Core/Src/main.c:735:13:MX_COMP3_Init	2
../Core/Src/main.c:764:13:MX_COMP4_Init	2
../Core/Src/main.c:793:13:MX_COMP5_Init	2
../Core/Src/main.c:822:13:MX_COMP6_Init	2
../Core/Src/main.c:851:13:MX_COMP7_Init	2
../Core/Src/main.c:880:13:MX_DAC1_Init	4
../Core/Src/main.c:931:13:MX_DAC2_Init	3
../Core/Src/main.c:975:13:MX_DAC3_Init	4
../Core/Src/main.c:1026:13:MX_DAC4_Init	4
../Core/Src/main.c:1077:13:MX_FDCAN1_Init	1
../Core/Src/main.c:1125:13:MX_TIM1_Init	11
../Core/Src/main.c:1222:13:MX_UART4_Init	5
../Core/Src/main.c:1267:13:MX_UART5_Init	5
../Core/Src/main.c:1310:13:MX_DMA_Init	1
../Core/Src/main.c:1332:13:MX_GPIO_Init	1
../Core/Src/main.c:1438:5:_write	2
../Core/Src/main.c:1452:6:Error_Handler	1
