../Core/Inc/engine_config.h:173:22:engine_cylinder_index	24	static
../Core/Inc/actuator_runtime.h:31:20:actuator_snapshot_valid	24	static
../Core/Inc/actuator_runtime.h:53:21:actuator_wrap_angle	16	static
../Core/Inc/actuator_runtime.h:68:21:actuator_forward_angle	32	static
../Core/Inc/actuator_runtime.h:76:20:actuator_angle_crossed	24	static
../Core/Inc/actuator_runtime.h:92:20:actuator_deadline_reached	16	static
../Core/Inc/actuator_runtime.h:97:20:actuator_deadline_from_us	64	static
../Core/Inc/board_output_config.h:85:20:board_gpio_write	16	static
../Core/Inc/board_output_config.h:100:20:board_ignition_write	24	static
../Core/Src/spark.c:41:13:fault_set	16	static
../Core/Src/spark.c:46:13:emergency_is_latched	4	static,ignoring_inline_asm
../Core/Src/spark.c:52:13:emergency_latch	16	static
../Core/Src/spark.c:67:17:critical_enter	16	static,ignoring_inline_asm
../Core/Src/spark.c:75:13:critical_exit	16	static,ignoring_inline_asm
../Core/Src/spark.c:84:13:spark_configuration_is_valid	40	static
../Core/Src/spark.c:136:13:coil_write_by_cylinder	24	static
../Core/Src/spark.c:143:13:release_coil	16	static
../Core/Src/spark.c:154:13:force_all_coils_off	24	static
../Core/Src/spark.c:173:13:any_coil_charging	16	static
../Core/Src/spark.c:187:6:spark_init	16	static,ignoring_inline_asm
../Core/Src/spark.c:221:16:spark_set_command	32	static
../Core/Src/spark.c:280:16:spark_load_defaults	32	static
../Core/Src/spark.c:297:6:spark_phase_sync_required	16	static
../Core/Src/spark.c:318:6:spark_service_deadlines	24	static
../Core/Src/spark.c:340:13:begin_dwell	40	static,ignoring_inline_asm
../Core/Src/spark.c:399:6:spark_service	56	static
../Core/Src/spark.c:530:6:spark_disable_cylinder	24	static
../Core/Src/spark.c:549:6:spark_disable_mask	24	static
../Core/Src/spark.c:563:6:spark_emergency_off	8	static
../Core/Src/spark.c:570:6:spark_rearm_after_emergency	24	static,ignoring_inline_asm
../Core/Src/spark.c:590:10:spark_faults	4	static
../Core/Src/spark.c:595:6:spark_clear_faults	16	static
../Core/Src/spark.c:600:6:spark_update	40	static
../Core/Src/spark.c:622:6:spark_off	16	static
