../Core/Src/trigger_decoder.c:20:14:wrap_angle	16	static
../Core/Src/trigger_decoder.c:35:14:absolute_value	16	static
../Core/Src/trigger_decoder.c:40:14:circular_distance	32	static
../Core/Src/trigger_decoder.c:46:17:microseconds_to_ticks	48	static
../Core/Src/trigger_decoder.c:57:14:pattern_total_units	32	static
../Core/Src/trigger_decoder.c:69:14:pattern_units_at	24	static
../Core/Src/trigger_decoder.c:77:17:wheel_edge_count	16	static
../Core/Src/trigger_decoder.c:87:14:wheel_max_interval_units	16	static
../Core/Src/trigger_decoder.c:96:14:wheel_total_interval_units	16	static
../Core/Src/trigger_decoder.c:105:14:wheel_edge_angle	40	static
../Core/Src/trigger_decoder.c:131:14:wheel_next_interval_units	24	static
../Core/Src/trigger_decoder.c:143:14:wheel_next_interval_degrees	24	static
../Core/Src/trigger_decoder.c:151:13:pattern_has_unique_rotation	24	static
../Core/Src/trigger_decoder.c:174:13:interval_classes_are_separable	32	static
../Core/Src/trigger_decoder.c:183:31:validate_config	64	static
../Core/Src/trigger_decoder.c:352:33:trigger_decoder_default_config	4	static
../Core/Src/trigger_decoder.c:357:24:trigger_decoder_context_init	40	static
../Core/Src/trigger_decoder.c:397:13:trigger_decoder_config_error_string	16	static
../Core/Src/trigger_decoder.c:419:13:set_fault	16	static
../Core/Src/trigger_decoder.c:428:13:lose_wheel_sync	24	static
../Core/Src/trigger_decoder.c:464:13:establish_sync	24	static
../Core/Src/trigger_decoder.c:478:13:period_matches	32	static
../Core/Src/trigger_decoder.c:488:13:filter_unit_period	32	static
../Core/Src/trigger_decoder.c:503:13:start_missing_reference_candidate	16	static
../Core/Src/trigger_decoder.c:510:13:process_missing_tooth	56	static
../Core/Src/trigger_decoder.c:622:13:pattern_history_push	32	static
../Core/Src/trigger_decoder.c:640:13:find_pattern_rotation	64	static
../Core/Src/trigger_decoder.c:702:13:try_start_pattern_candidate	32	static
../Core/Src/trigger_decoder.c:729:13:process_interval_pattern	48	static
../Core/Src/trigger_decoder.c:789:14:wheel_angle_at	56	static
../Core/Src/trigger_decoder.c:821:13:update_phase_from_event	72	static
../Core/Src/trigger_decoder.c:884:13:primary_coordinate_wrap_update	40	static
../Core/Src/trigger_decoder.c:918:6:trigger_decoder_process_event	48	static
../Core/Src/trigger_decoder.c:1009:6:trigger_decoder_note_event_loss	32	static
../Core/Src/trigger_decoder.c:1030:17:wheel_timeout_ticks	32	static
../Core/Src/trigger_decoder.c:1044:14:wheel_rpm	40	static
../Core/Src/trigger_decoder.c:1059:6:trigger_decoder_poll	80	static
../Core/Src/trigger_decoder.c:1148:6:trigger_decoder_force_sync_loss	24	static
../Core/Src/trigger_decoder.c:1172:13:legacy_channel_snapshot	32	static
../Core/Src/trigger_decoder.c:1188:6:trigger_decoder_init	8	static
../Core/Src/trigger_decoder.c:1196:6:trigger_decoder_update	40	static
