../Drivers/CMSIS/Include/core_cm4.h:1770:22:__NVIC_ClearPendingIRQ	16	static
../Core/Src/trigger_capture_stm32.c:39:13:capture_is_started	4	static,ignoring_inline_asm
../Core/Src/trigger_capture_stm32.c:44:13:capture_publish_started	16	static,ignoring_inline_asm
../Core/Src/trigger_capture_stm32.c:49:10:trigger_capture_timestamp_hz	16	static
../Core/Src/trigger_capture_stm32.c:61:17:gpio_mode_for_edge	16	static
../Core/Src/trigger_capture_stm32.c:74:23:sampled_edge	24	static
../Core/Src/trigger_capture_stm32.c:87:13:build_channel_map	24	static
../Core/Src/trigger_capture_stm32.c:121:13:configure_trigger_gpio	48	static
../Core/Src/trigger_capture_stm32.c:165:13:configure_tim2	16	static,ignoring_inline_asm
../Core/Src/trigger_capture_stm32.c:213:6:trigger_capture_stm32_init	16	static
../Core/Src/trigger_capture_stm32.c:269:10:trigger_capture_now	4	static
../Core/Src/trigger_capture_stm32.c:274:6:trigger_capture_stm32_timer_irq	24	static
../Core/Src/trigger_capture_stm32.c:313:6:trigger_capture_stm32_stop	8	static
../Core/Src/trigger_capture_stm32.c:325:6:HAL_GPIO_EXTI_Callback	24	static
