../Core/Src/main.c:103:5:main	1
../Core/Src/main.c:164:6:SystemClock_Config	3
../Core/Src/main.c:211:13:MX_ADC1_Init	4
../Core/Src/main.c:279:13:MX_ADC2_Init	3
../Core/Src/main.c:338:13:MX_COMP1_Init	2
../Core/Src/main.c:370:13:MX_COMP2_Init	2
../Core/Src/main.c:402:13:MX_COMP3_Init	2
../Core/Src/main.c:434:13:MX_COMP4_Init	2
../Core/Src/main.c:466:13:MX_COMP5_Init	2
../Core/Src/main.c:498:13:MX_COMP6_Init	2
../Core/Src/main.c:530:13:MX_COMP7_Init	2
../Core/Src/main.c:562:13:MX_DAC1_Init	4
../Core/Src/main.c:616:13:MX_DAC2_Init	3
../Core/Src/main.c:663:13:MX_DAC3_Init	4
../Core/Src/main.c:717:13:MX_DAC4_Init	4
../Core/Src/main.c:771:13:MX_FDCAN1_Init	2
../Core/Src/main.c:814:13:MX_TIM1_Init	11
../Core/Src/main.c:914:13:MX_UART4_Init	5
../Core/Src/main.c:962:13:MX_UART5_Init	5
../Core/Src/main.c:1010:13:MX_GPIO_Init	1
../Core/Src/main.c:1098:6:Error_Handler	1
